---
source: hugr-core/src/hugr/views/tests.rs
expression: h.dot_string()
---
digraph {
0 [shape=plain color="#832561" penwidth="3px" label=<<table border="1"><tr><td align="text" border="0" colspan="1">(0) [**Module**]</td></tr></table>>]
1 [shape=plain label=<<table border="1"><tr><td align="text" border="0" colspan="1">(1) FuncDecl: "test"</td></tr><tr><td port="out0" align="text" colspan="1" cellpadding="1" >0: [Bool] -&gt; [Bool]</td></tr></table>>]
hier0 [shape=plain label="0"]
hier0 -> hier1  [style = "dashed"] 
hier1 [shape=plain label="1"]
}
