---
source: hugr-llvm/src/extension/conversions.rs
expression: mod_str
---
; ModuleID = 'test_context'
source_filename = "test_context"

define double @_hl.main.1(i32 %0) {
alloca_block:
  %"0" = alloca i32, align 4
  %"01" = alloca double, align 8
  %"2_0" = alloca i32, align 4
  %"4_0" = alloca double, align 8
  br label %entry_block

entry_block:                                      ; preds = %alloca_block
  store i32 %0, i32* %"0", align 4
  %"02" = load i32, i32* %"0", align 4
  store i32 %"02", i32* %"2_0", align 4
  %"2_03" = load i32, i32* %"2_0", align 4
  %"2_04" = load i32, i32* %"2_0", align 4
  %1 = sitofp i32 %"2_04" to double
  store double %1, double* %"4_0", align 8
  %"4_05" = load double, double* %"4_0", align 8
  store double %"4_05", double* %"01", align 8
  %"06" = load double, double* %"01", align 8
  ret double %"06"
}
