---
source: hugr-core/tests/model.rs
expression: "roundtrip(include_str!(\"../../hugr-model/tests/fixtures/model-loop.edn\"))"
---
(hugr 0)

(define-func example.loop
  (param ?0 type)
  [?0] [?0] (ext)
  (dfg
    [%0] [%1]
    (signature (-> [?0] [?0] (ext)))
    (tail-loop
      [%0] [%1]
      (signature (-> [?0] [?0] (ext)))
      (dfg
        [%2] [%3]
        (signature (-> [?0] [(adt [[?0] [?0]])] (ext)))
        (tag 0 [%2] [%3] (signature (-> [?0] [(adt [[?0] [?0]])] (ext))))))))
