---
source: hugr-core/tests/model.rs
expression: ast
---
(hugr 0)

(mod)

(import compat.meta_json)

(import core.call)

(import core.fn)

(import arithmetic.int.types.int)

(import core.load_const)

(declare-func
  public
  example.callee
  (core.fn [arithmetic.int.types.int] [arithmetic.int.types.int])
  (meta (compat.meta_json "description" "\"This is a function declaration.\""))
  (meta (compat.meta_json "title" "\"Callee\"")))

(define-func
  public
  example.caller
  (core.fn [arithmetic.int.types.int] [arithmetic.int.types.int])
  (meta
    (compat.meta_json
      "description"
      "\"This defines a function that calls the function which we declared earlier.\""))
  (meta (compat.meta_json "title" "\"Caller\""))
  (dfg [%0] [%1]
    (signature (core.fn [arithmetic.int.types.int] [arithmetic.int.types.int]))
    ((core.call
        [arithmetic.int.types.int]
        [arithmetic.int.types.int]
        example.callee)
      [%0] [%1]
      (signature
        (core.fn [arithmetic.int.types.int] [arithmetic.int.types.int])))))

(define-func
  public
  example.load
  (core.fn [] [(core.fn [arithmetic.int.types.int] [arithmetic.int.types.int])])
  (dfg [] [%0]
    (signature
      (core.fn
        []
        [(core.fn [arithmetic.int.types.int] [arithmetic.int.types.int])]))
    ((core.load_const example.caller) [] [%0]
      (signature
        (core.fn
          []
          [(core.fn [arithmetic.int.types.int] [arithmetic.int.types.int])])))))
