---
source: hugr-core/tests/model.rs
expression: "roundtrip(include_str!(\"../../hugr-model/tests/fixtures/model-alias.edn\"))"
---
(hugr 0)

(import core.fn)

(import arithmetic.int.types.int)

(import core.type)

(declare-alias local.float core.type)

(define-alias local.int core.type arithmetic.int.types.int)

(define-alias local.endo core.type (core.fn [] []))
