---
source: hugr-core/tests/model.rs
expression: "roundtrip(include_str!(\"../../hugr-model/tests/fixtures/model-constraints.edn\"))"
---
(hugr 0)

(declare-func array.replicate
  (param ?0 core.nat)
  (param ?1 core.type)
  (where (core.nonlinear ?1))
  (core.fn [?1] [(collections.array.array ?0 ?1)] (ext)))

(declare-func array.copy
  (param ?0 core.nat)
  (param ?1 core.type)
  (where (core.nonlinear ?1))
  (core.fn
    [(collections.array.array ?0 ?1)]
    [(collections.array.array ?0 ?1) (collections.array.array ?0 ?1)]
    (ext)))

(define-func util.copy
  (param ?0 core.type)
  (where (core.nonlinear ?0))
  (core.fn [?0] [?0 ?0] (ext))
  (dfg [%0] [%0 %0] (signature (core.fn [?0] [?0 ?0] (ext)))))
