---
source: hugr-core/tests/model.rs
expression: "roundtrip(include_str!(\"../../hugr-model/tests/fixtures/model-alias.edn\"))"
---
(hugr 0)

(import arithmetic.int.types.int)

(declare-alias local.float type)

(define-alias local.int type arithmetic.int.types.int)

(define-alias local.endo type (-> [] [] (ext)))
