---
source: hugr-core/tests/model.rs
expression: ast
---
(hugr 0)

(mod)

(import core.fn)

(import arithmetic.int.types.int)

(import core.type)

(declare-alias pub local.float core.type)

(define-alias pub local.int core.type arithmetic.int.types.int)

(define-alias pub local.endo core.type (core.fn [] []))
