---
source: hugr-core/tests/model.rs
expression: "roundtrip(include_str!(\"../../hugr-model/tests/fixtures/model-order.edn\"))"
---
(hugr 0)

(mod)

(import core.order_hint.key)

(import core.fn)

(import core.order_hint.order)

(import arithmetic.int.types.int)

(import arithmetic.int.ineg)

(define-func
  main
  (core.fn
    [arithmetic.int.types.int
     arithmetic.int.types.int
     arithmetic.int.types.int
     arithmetic.int.types.int]
    [arithmetic.int.types.int
     arithmetic.int.types.int
     arithmetic.int.types.int
     arithmetic.int.types.int])
  (dfg [%0 %1 %2 %3] [%4 %5 %6 %7]
    (signature
      (core.fn
        [arithmetic.int.types.int
         arithmetic.int.types.int
         arithmetic.int.types.int
         arithmetic.int.types.int]
        [arithmetic.int.types.int
         arithmetic.int.types.int
         arithmetic.int.types.int
         arithmetic.int.types.int]))
    (meta (core.order_hint.order 4 7))
    (meta (core.order_hint.order 5 6))
    (meta (core.order_hint.order 5 4))
    (meta (core.order_hint.order 6 7))
    (arithmetic.int.ineg [%0] [%4]
      (signature
        (core.fn [arithmetic.int.types.int] [arithmetic.int.types.int]))
      (meta (core.order_hint.key 4)))
    (arithmetic.int.ineg [%1] [%5]
      (signature
        (core.fn [arithmetic.int.types.int] [arithmetic.int.types.int]))
      (meta (core.order_hint.key 5)))
    (arithmetic.int.ineg [%2] [%6]
      (signature
        (core.fn [arithmetic.int.types.int] [arithmetic.int.types.int]))
      (meta (core.order_hint.key 6)))
    (arithmetic.int.ineg [%3] [%7]
      (signature
        (core.fn [arithmetic.int.types.int] [arithmetic.int.types.int]))
      (meta (core.order_hint.key 7)))))
