---
source: hugr-core/tests/model.rs
expression: ast
---
(hugr 0)

(mod)

(import core.fn)

(import core.entrypoint)

(define-func public main (core.fn [] [])
  (dfg (signature (core.fn [] [])) (meta core.entrypoint)))

(mod)

(import core.fn)

(import core.entrypoint)

(define-func private wrapper_dfg (core.fn [] [])
  (dfg (signature (core.fn [] [])) (meta core.entrypoint)))

(mod)

(import core.make_adt)

(import core.ctrl)

(import core.fn)

(import core.entrypoint)

(import core.adt)

(define-func public wrapper_cfg (core.fn [] [])
  (dfg
    (signature (core.fn [] []))
    (cfg
      (signature (core.fn [] []))
      (cfg [%0] [%1]
        (signature (core.ctrl [[]] [[]]))
        (meta core.entrypoint)
        (block [%0] [%1]
          (signature (core.ctrl [[]] [[]]))
          (dfg [] [%2]
            (signature (core.fn [] [(core.adt [[]])]))
            ((core.make_adt 0) [] [%2]
              (signature (core.fn [] [(core.adt [[]])])))))))))
