---
source: tests/guppy.rs
expression: module_string
---
; ModuleID = 'test_context'
source_filename = "test_context"

define i16 @_hl.teleport.25(i16 %0, i16 %1) {
alloca_block:
  %"0" = alloca i16, align 2
  %"5_0" = alloca i16, align 2
  %"5_1" = alloca i16, align 2
  %"27_0" = alloca i16, align 2
  %"6_0" = alloca i16, align 2
  %"6_1" = alloca i16, align 2
  %"03" = alloca i16, align 2
  %"7_0" = alloca i16, align 2
  %"7_1" = alloca i16, align 2
  %"8_0" = alloca i16, align 2
  %"8_1" = alloca i16, align 2
  %"9_0" = alloca i16, align 2
  %"9_1" = alloca i16, align 2
  %"10_0" = alloca i16, align 2
  %"11_0" = alloca i16, align 2
  %"12_0" = alloca i16, align 2
  %"38_1" = alloca { i32, {}, {} }, align 8
  %"33_1" = alloca i16, align 2
  %"36_1" = alloca i16, align 2
  %"28_0" = alloca i16, align 2
  %"29_0" = alloca i16, align 2
  %"30_0" = alloca i16, align 2
  %"31_0" = alloca i16, align 2
  %"31_1" = alloca i16, align 2
  %"32_0" = alloca { { i16, i16 } }, align 8
  %"33_0" = alloca i16, align 2
  %"34_0" = alloca i16, align 2
  %"34_1" = alloca i16, align 2
  %"35_0" = alloca { { i16, i16 } }, align 8
  %"36_0" = alloca i16, align 2
  %"37_0" = alloca i16, align 2
  %"38_0" = alloca i16, align 2
  %"42_0" = alloca { {} }, align 8
  %"41_0" = alloca i16, align 2
  %"44_0" = alloca { {} }, align 8
  %"46_1" = alloca { i32, {}, {} }, align 8
  %"46_0" = alloca i16, align 2
  %"50_0" = alloca { {} }, align 8
  %"49_0" = alloca i16, align 2
  %"52_0" = alloca { {} }, align 8
  %"54_0" = alloca { {} }, align 8
  br label %entry_block

entry_block:                                      ; preds = %alloca_block
  store i16 %0, i16* %"5_0", align 2
  store i16 %1, i16* %"5_1", align 2
  %"5_01" = load i16, i16* %"5_0", align 2
  %"5_12" = load i16, i16* %"5_1", align 2
  store i16 %"5_01", i16* %"6_0", align 2
  store i16 %"5_12", i16* %"6_1", align 2
  br label %2

2:                                                ; preds = %entry_block
  %"6_04" = load i16, i16* %"6_0", align 2
  %"6_15" = load i16, i16* %"6_1", align 2
  %3 = call i16 @QAlloc()
  store i16 %3, i16* %"28_0", align 2
  %"28_06" = load i16, i16* %"28_0", align 2
  %4 = call i16 @Reset(i16 %"28_06")
  store i16 %4, i16* %"29_0", align 2
  %"29_07" = load i16, i16* %"29_0", align 2
  %5 = call i16 @H(i16 %"29_07")
  store i16 %5, i16* %"30_0", align 2
  store i16 %"6_04", i16* %"6_0", align 2
  store i16 %"6_15", i16* %"6_1", align 2
  %"30_08" = load i16, i16* %"30_0", align 2
  %"6_19" = load i16, i16* %"6_1", align 2
  %6 = call { i16, i16 } @CX(i16 %"30_08", i16 %"6_19")
  %7 = extractvalue { i16, i16 } %6, 0
  %8 = extractvalue { i16, i16 } %6, 1
  store i16 %7, i16* %"31_0", align 2
  store i16 %8, i16* %"31_1", align 2
  %"31_010" = load i16, i16* %"31_0", align 2
  %"31_111" = load i16, i16* %"31_1", align 2
  %9 = insertvalue { i16, i16 } undef, i16 %"31_010", 0
  %10 = insertvalue { i16, i16 } %9, i16 %"31_111", 1
  %11 = insertvalue { { i16, i16 } } poison, { i16, i16 } %10, 0
  store { { i16, i16 } } %11, { { i16, i16 } }* %"32_0", align 2
  %"32_012" = load { { i16, i16 } }, { { i16, i16 } }* %"32_0", align 2
  %12 = extractvalue { { i16, i16 } } %"32_012", 0
  %13 = extractvalue { i16, i16 } %12, 0
  %14 = extractvalue { i16, i16 } %12, 1
  store i16 %13, i16* %"33_0", align 2
  store i16 %14, i16* %"33_1", align 2
  %"6_013" = load i16, i16* %"6_0", align 2
  %"33_014" = load i16, i16* %"33_0", align 2
  %15 = call { i16, i16 } @CX(i16 %"6_013", i16 %"33_014")
  %16 = extractvalue { i16, i16 } %15, 0
  %17 = extractvalue { i16, i16 } %15, 1
  store i16 %16, i16* %"34_0", align 2
  store i16 %17, i16* %"34_1", align 2
  %"34_015" = load i16, i16* %"34_0", align 2
  %"34_116" = load i16, i16* %"34_1", align 2
  %18 = insertvalue { i16, i16 } undef, i16 %"34_015", 0
  %19 = insertvalue { i16, i16 } %18, i16 %"34_116", 1
  %20 = insertvalue { { i16, i16 } } poison, { i16, i16 } %19, 0
  store { { i16, i16 } } %20, { { i16, i16 } }* %"35_0", align 2
  %"35_017" = load { { i16, i16 } }, { { i16, i16 } }* %"35_0", align 2
  %21 = extractvalue { { i16, i16 } } %"35_017", 0
  %22 = extractvalue { i16, i16 } %21, 0
  %23 = extractvalue { i16, i16 } %21, 1
  store i16 %22, i16* %"36_0", align 2
  store i16 %23, i16* %"36_1", align 2
  %"36_018" = load i16, i16* %"36_0", align 2
  %24 = call i16 @H(i16 %"36_018")
  store i16 %24, i16* %"37_0", align 2
  %"37_019" = load i16, i16* %"37_0", align 2
  %25 = call { i16, { i32, {}, {} } } @Measure(i16 %"37_019")
  %26 = extractvalue { i16, { i32, {}, {} } } %25, 0
  %27 = extractvalue { i16, { i32, {}, {} } } %25, 1
  store i16 %26, i16* %"38_0", align 2
  store { i32, {}, {} } %27, { i32, {}, {} }* %"38_1", align 4
  %"38_120" = load { i32, {}, {} }, { i32, {}, {} }* %"38_1", align 4
  %"33_121" = load i16, i16* %"33_1", align 2
  %"36_122" = load i16, i16* %"36_1", align 2
  store { i32, {}, {} } %"38_120", { i32, {}, {} }* %"38_1", align 4
  store i16 %"33_121", i16* %"33_1", align 2
  store i16 %"36_122", i16* %"36_1", align 2
  %"38_023" = load i16, i16* %"38_0", align 2
  call void @QFree(i16 %"38_023")
  %"38_124" = load { i32, {}, {} }, { i32, {}, {} }* %"38_1", align 4
  %"33_125" = load i16, i16* %"33_1", align 2
  %"36_126" = load i16, i16* %"36_1", align 2
  %28 = extractvalue { i32, {}, {} } %"38_124", 0
  switch i32 %28, label %29 [
    i32 1, label %31
  ]

29:                                               ; preds = %2
  %30 = extractvalue { i32, {}, {} } %"38_124", 1
  store i16 %"33_125", i16* %"8_0", align 2
  store i16 %"36_126", i16* %"8_1", align 2
  br label %37

31:                                               ; preds = %2
  %32 = extractvalue { i32, {}, {} } %"38_124", 2
  store i16 %"33_125", i16* %"7_0", align 2
  store i16 %"36_126", i16* %"7_1", align 2
  br label %33

33:                                               ; preds = %31
  %"7_028" = load i16, i16* %"7_0", align 2
  %"7_129" = load i16, i16* %"7_1", align 2
  store { {} } undef, { {} }* %"42_0", align 1
  store i16 %"7_028", i16* %"7_0", align 2
  store i16 %"7_129", i16* %"7_1", align 2
  %"7_030" = load i16, i16* %"7_0", align 2
  %34 = call i16 @Z(i16 %"7_030")
  store i16 %34, i16* %"41_0", align 2
  %"42_031" = load { {} }, { {} }* %"42_0", align 1
  %"41_032" = load i16, i16* %"41_0", align 2
  %"7_133" = load i16, i16* %"7_1", align 2
  store { {} } %"42_031", { {} }* %"42_0", align 1
  store i16 %"41_032", i16* %"41_0", align 2
  store i16 %"7_133", i16* %"7_1", align 2
  %"42_034" = load { {} }, { {} }* %"42_0", align 1
  %"41_035" = load i16, i16* %"41_0", align 2
  %"7_136" = load i16, i16* %"7_1", align 2
  switch i32 0, label %35 [
  ]

35:                                               ; preds = %33
  %36 = extractvalue { {} } %"42_034", 0
  store i16 %"41_035", i16* %"9_0", align 2
  store i16 %"7_136", i16* %"9_1", align 2
  br label %40

37:                                               ; preds = %29
  %"8_037" = load i16, i16* %"8_0", align 2
  %"8_138" = load i16, i16* %"8_1", align 2
  store { {} } undef, { {} }* %"44_0", align 1
  store i16 %"8_037", i16* %"8_0", align 2
  store i16 %"8_138", i16* %"8_1", align 2
  %"44_039" = load { {} }, { {} }* %"44_0", align 1
  %"8_040" = load i16, i16* %"8_0", align 2
  %"8_141" = load i16, i16* %"8_1", align 2
  store { {} } %"44_039", { {} }* %"44_0", align 1
  store i16 %"8_040", i16* %"8_0", align 2
  store i16 %"8_141", i16* %"8_1", align 2
  %"44_042" = load { {} }, { {} }* %"44_0", align 1
  %"8_043" = load i16, i16* %"8_0", align 2
  %"8_144" = load i16, i16* %"8_1", align 2
  switch i32 0, label %38 [
  ]

38:                                               ; preds = %37
  %39 = extractvalue { {} } %"44_042", 0
  store i16 %"8_043", i16* %"9_0", align 2
  store i16 %"8_144", i16* %"9_1", align 2
  br label %40

40:                                               ; preds = %38, %35
  %"9_045" = load i16, i16* %"9_0", align 2
  %"9_146" = load i16, i16* %"9_1", align 2
  store i16 %"9_045", i16* %"9_0", align 2
  store i16 %"9_146", i16* %"9_1", align 2
  %"9_147" = load i16, i16* %"9_1", align 2
  %41 = call { i16, { i32, {}, {} } } @Measure(i16 %"9_147")
  %42 = extractvalue { i16, { i32, {}, {} } } %41, 0
  %43 = extractvalue { i16, { i32, {}, {} } } %41, 1
  store i16 %42, i16* %"46_0", align 2
  store { i32, {}, {} } %43, { i32, {}, {} }* %"46_1", align 4
  %"46_148" = load { i32, {}, {} }, { i32, {}, {} }* %"46_1", align 4
  %"9_049" = load i16, i16* %"9_0", align 2
  store { i32, {}, {} } %"46_148", { i32, {}, {} }* %"46_1", align 4
  store i16 %"9_049", i16* %"9_0", align 2
  %"46_050" = load i16, i16* %"46_0", align 2
  call void @QFree(i16 %"46_050")
  %"46_151" = load { i32, {}, {} }, { i32, {}, {} }* %"46_1", align 4
  %"9_052" = load i16, i16* %"9_0", align 2
  %44 = extractvalue { i32, {}, {} } %"46_151", 0
  switch i32 %44, label %45 [
    i32 1, label %47
  ]

45:                                               ; preds = %40
  %46 = extractvalue { i32, {}, {} } %"46_151", 1
  store i16 %"9_052", i16* %"11_0", align 2
  br label %53

47:                                               ; preds = %40
  %48 = extractvalue { i32, {}, {} } %"46_151", 2
  store i16 %"9_052", i16* %"10_0", align 2
  br label %49

49:                                               ; preds = %47
  %"10_053" = load i16, i16* %"10_0", align 2
  store { {} } undef, { {} }* %"50_0", align 1
  store i16 %"10_053", i16* %"10_0", align 2
  %"10_054" = load i16, i16* %"10_0", align 2
  %50 = call i16 @X(i16 %"10_054")
  store i16 %50, i16* %"49_0", align 2
  %"50_055" = load { {} }, { {} }* %"50_0", align 1
  %"49_056" = load i16, i16* %"49_0", align 2
  store { {} } %"50_055", { {} }* %"50_0", align 1
  store i16 %"49_056", i16* %"49_0", align 2
  %"50_057" = load { {} }, { {} }* %"50_0", align 1
  %"49_058" = load i16, i16* %"49_0", align 2
  switch i32 0, label %51 [
  ]

51:                                               ; preds = %49
  %52 = extractvalue { {} } %"50_057", 0
  store i16 %"49_058", i16* %"12_0", align 2
  br label %56

53:                                               ; preds = %45
  %"11_059" = load i16, i16* %"11_0", align 2
  store { {} } undef, { {} }* %"52_0", align 1
  store i16 %"11_059", i16* %"11_0", align 2
  %"52_060" = load { {} }, { {} }* %"52_0", align 1
  %"11_061" = load i16, i16* %"11_0", align 2
  store { {} } %"52_060", { {} }* %"52_0", align 1
  store i16 %"11_061", i16* %"11_0", align 2
  %"52_062" = load { {} }, { {} }* %"52_0", align 1
  %"11_063" = load i16, i16* %"11_0", align 2
  switch i32 0, label %54 [
  ]

54:                                               ; preds = %53
  %55 = extractvalue { {} } %"52_062", 0
  store i16 %"11_063", i16* %"12_0", align 2
  br label %56

56:                                               ; preds = %54, %51
  %"12_064" = load i16, i16* %"12_0", align 2
  store { {} } undef, { {} }* %"54_0", align 1
  store i16 %"12_064", i16* %"12_0", align 2
  %"54_065" = load { {} }, { {} }* %"54_0", align 1
  %"12_066" = load i16, i16* %"12_0", align 2
  store { {} } %"54_065", { {} }* %"54_0", align 1
  store i16 %"12_066", i16* %"12_0", align 2
  %"54_067" = load { {} }, { {} }* %"54_0", align 1
  %"12_068" = load i16, i16* %"12_0", align 2
  switch i32 0, label %57 [
  ]

57:                                               ; preds = %56
  %58 = extractvalue { {} } %"54_067", 0
  store i16 %"12_068", i16* %"03", align 2
  br label %59

59:                                               ; preds = %57
  %"027" = load i16, i16* %"03", align 2
  store i16 %"027", i16* %"27_0", align 2
  %"27_069" = load i16, i16* %"27_0", align 2
  store i16 %"27_069", i16* %"0", align 2
  %"070" = load i16, i16* %"0", align 2
  ret i16 %"070"
}

declare i16 @QAlloc()

declare i16 @Reset(i16)

declare i16 @H(i16)

declare { i16, i16 } @CX(i16, i16)

declare { i16, { i32, {}, {} } } @Measure(i16)

declare void @QFree(i16)

declare i16 @Z(i16)

declare i16 @X(i16)

define { i32, {}, {} } @_hl.main.26() {
alloca_block:
  %"0" = alloca { i32, {}, {} }, align 8
  %"55_0" = alloca { i32, {}, {} }, align 8
  %"01" = alloca { i32, {}, {} }, align 8
  %"65_0" = alloca { {} }, align 8
  %"63_1" = alloca { i32, {}, {} }, align 8
  %"58_0" = alloca i16, align 2
  %"59_0" = alloca i16, align 2
  %"56_0" = alloca i16, align 2
  %"57_0" = alloca i16, align 2
  %"60_0" = alloca { { i16, i16 } }, align 8
  %"61_0" = alloca i16, align 2
  %"61_1" = alloca i16, align 2
  %"62_0" = alloca i16, align 2
  %"63_0" = alloca i16, align 2
  br label %entry_block

entry_block:                                      ; preds = %alloca_block
  br label %0

0:                                                ; preds = %entry_block
  store { {} } undef, { {} }* %"65_0", align 1
  %1 = call i16 @QAlloc()
  store i16 %1, i16* %"58_0", align 2
  %"58_02" = load i16, i16* %"58_0", align 2
  %2 = call i16 @Reset(i16 %"58_02")
  store i16 %2, i16* %"59_0", align 2
  %3 = call i16 @QAlloc()
  store i16 %3, i16* %"56_0", align 2
  %"56_03" = load i16, i16* %"56_0", align 2
  %4 = call i16 @Reset(i16 %"56_03")
  store i16 %4, i16* %"57_0", align 2
  %"57_04" = load i16, i16* %"57_0", align 2
  %"59_05" = load i16, i16* %"59_0", align 2
  %5 = insertvalue { i16, i16 } undef, i16 %"57_04", 0
  %6 = insertvalue { i16, i16 } %5, i16 %"59_05", 1
  %7 = insertvalue { { i16, i16 } } poison, { i16, i16 } %6, 0
  store { { i16, i16 } } %7, { { i16, i16 } }* %"60_0", align 2
  %"60_06" = load { { i16, i16 } }, { { i16, i16 } }* %"60_0", align 2
  %8 = extractvalue { { i16, i16 } } %"60_06", 0
  %9 = extractvalue { i16, i16 } %8, 0
  %10 = extractvalue { i16, i16 } %8, 1
  store i16 %9, i16* %"61_0", align 2
  store i16 %10, i16* %"61_1", align 2
  %"61_07" = load i16, i16* %"61_0", align 2
  %"61_18" = load i16, i16* %"61_1", align 2
  %11 = call i16 @_hl.teleport.25(i16 %"61_07", i16 %"61_18")
  store i16 %11, i16* %"62_0", align 2
  %"62_09" = load i16, i16* %"62_0", align 2
  %12 = call { i16, { i32, {}, {} } } @Measure(i16 %"62_09")
  %13 = extractvalue { i16, { i32, {}, {} } } %12, 0
  %14 = extractvalue { i16, { i32, {}, {} } } %12, 1
  store i16 %13, i16* %"63_0", align 2
  store { i32, {}, {} } %14, { i32, {}, {} }* %"63_1", align 4
  %"65_010" = load { {} }, { {} }* %"65_0", align 1
  %"63_111" = load { i32, {}, {} }, { i32, {}, {} }* %"63_1", align 4
  store { {} } %"65_010", { {} }* %"65_0", align 1
  store { i32, {}, {} } %"63_111", { i32, {}, {} }* %"63_1", align 4
  %"63_012" = load i16, i16* %"63_0", align 2
  call void @QFree(i16 %"63_012")
  %"65_013" = load { {} }, { {} }* %"65_0", align 1
  %"63_114" = load { i32, {}, {} }, { i32, {}, {} }* %"63_1", align 4
  switch i32 0, label %15 [
  ]

15:                                               ; preds = %0
  %16 = extractvalue { {} } %"65_013", 0
  store { i32, {}, {} } %"63_114", { i32, {}, {} }* %"01", align 4
  br label %17

17:                                               ; preds = %15
  %"015" = load { i32, {}, {} }, { i32, {}, {} }* %"01", align 4
  store { i32, {}, {} } %"015", { i32, {}, {} }* %"55_0", align 4
  %"55_016" = load { i32, {}, {} }, { i32, {}, {} }* %"55_0", align 4
  store { i32, {}, {} } %"55_016", { i32, {}, {} }* %"0", align 4
  %"017" = load { i32, {}, {} }, { i32, {}, {} }* %"0", align 4
  ret { i32, {}, {} } %"017"
}
