---
source: tests/guppy.rs
expression: module_string
---
; ModuleID = 'test_context'
source_filename = "test_context"

define { i32, {}, {} } @_hl.is_even.29(i64 %0) {
alloca_block:
  br label %entry_block

entry_block:                                      ; preds = %alloca_block
  br label %1

1:                                                ; preds = %entry_block
  %2 = icmp eq i64 %0, 0
  %3 = select i1 %2, { i32, {}, {} } { i32 1, {} poison, {} undef }, { i32, {}, {} } { i32 0, {} undef, {} poison }
  %4 = extractvalue { i32, {}, {} } %3, 0
  switch i32 %4, label %5 [
    i32 1, label %7
  ]

5:                                                ; preds = %1
  %6 = extractvalue { i32, {}, {} } %3, 1
  br label %cond_35_case_0

7:                                                ; preds = %1
  %8 = extractvalue { i32, {}, {} } %3, 2
  br label %cond_35_case_1

9:                                                ; preds = %24
  switch i32 0, label %10 [
  ]

10:                                               ; preds = %9
  %11 = extractvalue { {} } undef, 0
  br label %17

12:                                               ; preds = %21
  %13 = sub i64 %23, 1
  %14 = call { i32, {}, {} } @_hl.is_odd.30(i64 %13)
  switch i32 0, label %15 [
  ]

15:                                               ; preds = %12
  %16 = extractvalue { {} } undef, 0
  br label %17

17:                                               ; preds = %15, %10
  %"02.0" = phi { i32, {}, {} } [ %14, %15 ], [ { i32 1, {} poison, {} undef }, %10 ]
  ret { i32, {}, {} } %"02.0"

cond_35_case_0:                                   ; preds = %5
  %18 = insertvalue { i64 } undef, i64 %0, 0
  %19 = insertvalue { i32, { i64 }, {} } { i32 0, { i64 } poison, {} poison }, { i64 } %18, 1
  br label %cond_exit_35

cond_35_case_1:                                   ; preds = %7
  br label %cond_exit_35

cond_exit_35:                                     ; preds = %cond_35_case_1, %cond_35_case_0
  %"07.0" = phi { i32, { i64 }, {} } [ %19, %cond_35_case_0 ], [ { i32 1, { i64 } poison, {} undef }, %cond_35_case_1 ]
  %20 = extractvalue { i32, { i64 }, {} } %"07.0", 0
  switch i32 %20, label %21 [
    i32 1, label %24
  ]

21:                                               ; preds = %cond_exit_35
  %22 = extractvalue { i32, { i64 }, {} } %"07.0", 1
  %23 = extractvalue { i64 } %22, 0
  br label %12

24:                                               ; preds = %cond_exit_35
  %25 = extractvalue { i32, { i64 }, {} } %"07.0", 2
  br label %9
}

define { i32, {}, {} } @_hl.is_odd.30(i64 %0) {
alloca_block:
  br label %entry_block

entry_block:                                      ; preds = %alloca_block
  br label %1

1:                                                ; preds = %entry_block
  %2 = icmp eq i64 %0, 0
  %3 = select i1 %2, { i32, {}, {} } { i32 1, {} poison, {} undef }, { i32, {}, {} } { i32 0, {} undef, {} poison }
  %4 = extractvalue { i32, {}, {} } %3, 0
  switch i32 %4, label %5 [
    i32 1, label %7
  ]

5:                                                ; preds = %1
  %6 = extractvalue { i32, {}, {} } %3, 1
  br label %cond_54_case_0

7:                                                ; preds = %1
  %8 = extractvalue { i32, {}, {} } %3, 2
  br label %cond_54_case_1

9:                                                ; preds = %24
  switch i32 0, label %10 [
  ]

10:                                               ; preds = %9
  %11 = extractvalue { {} } undef, 0
  br label %17

12:                                               ; preds = %21
  %13 = sub i64 %23, 1
  %14 = call { i32, {}, {} } @_hl.is_even.29(i64 %13)
  switch i32 0, label %15 [
  ]

15:                                               ; preds = %12
  %16 = extractvalue { {} } undef, 0
  br label %17

17:                                               ; preds = %15, %10
  %"02.0" = phi { i32, {}, {} } [ %14, %15 ], [ { i32 0, {} undef, {} poison }, %10 ]
  ret { i32, {}, {} } %"02.0"

cond_54_case_0:                                   ; preds = %5
  %18 = insertvalue { i64 } undef, i64 %0, 0
  %19 = insertvalue { i32, { i64 }, {} } { i32 0, { i64 } poison, {} poison }, { i64 } %18, 1
  br label %cond_exit_54

cond_54_case_1:                                   ; preds = %7
  br label %cond_exit_54

cond_exit_54:                                     ; preds = %cond_54_case_1, %cond_54_case_0
  %"07.0" = phi { i32, { i64 }, {} } [ %19, %cond_54_case_0 ], [ { i32 1, { i64 } poison, {} undef }, %cond_54_case_1 ]
  %20 = extractvalue { i32, { i64 }, {} } %"07.0", 0
  switch i32 %20, label %21 [
    i32 1, label %24
  ]

21:                                               ; preds = %cond_exit_54
  %22 = extractvalue { i32, { i64 }, {} } %"07.0", 1
  %23 = extractvalue { i64 } %22, 0
  br label %12

24:                                               ; preds = %cond_exit_54
  %25 = extractvalue { i32, { i64 }, {} } %"07.0", 2
  br label %9
}
