---
source: src/emit/test.rs
expression: module.to_string()
---
; ModuleID = 'test_context'
source_filename = "test_context"

define { { i32, { { i32, {}, {} } }, { { {} } }, { {} } }, { {} } } @_hl.main.1({ i32, { {} }, { { {} } }, { { i32, {}, {} } } } %0, { {} } %1) {
alloca_block:
  br label %entry_block

entry_block:                                      ; preds = %alloca_block
  %2 = extractvalue { i32, { {} }, { { {} } }, { { i32, {}, {} } } } %0, 0
  %3 = extractvalue { i32, { {} }, { { {} } }, { { i32, {}, {} } } } %0, 1
  %4 = extractvalue { {} } %3, 0
  %5 = extractvalue { i32, { {} }, { { {} } }, { { i32, {}, {} } } } %0, 2
  %6 = extractvalue { { {} } } %5, 0
  %7 = extractvalue { i32, { {} }, { { {} } }, { { i32, {}, {} } } } %0, 3
  %8 = extractvalue { { i32, {}, {} } } %7, 0
  switch i32 %2, label %cond_4_case_0 [
    i32 1, label %cond_4_case_1
    i32 2, label %cond_4_case_2
  ]

cond_4_case_0:                                    ; preds = %entry_block
  %9 = insertvalue { {} } undef, {} %4, 0
  %10 = insertvalue { i32, { { i32, {}, {} } }, { { {} } }, { {} } } { i32 2, { { i32, {}, {} } } poison, { { {} } } poison, { {} } poison }, { {} } %9, 3
  br label %cond_exit_4

cond_4_case_1:                                    ; preds = %entry_block
  %11 = insertvalue { { {} } } undef, { {} } %6, 0
  %12 = insertvalue { i32, { { i32, {}, {} } }, { { {} } }, { {} } } { i32 1, { { i32, {}, {} } } poison, { { {} } } poison, { {} } poison }, { { {} } } %11, 2
  br label %cond_exit_4

cond_4_case_2:                                    ; preds = %entry_block
  %13 = insertvalue { { i32, {}, {} } } undef, { i32, {}, {} } %8, 0
  %14 = insertvalue { i32, { { i32, {}, {} } }, { { {} } }, { {} } } { i32 0, { { i32, {}, {} } } poison, { { {} } } poison, { {} } poison }, { { i32, {}, {} } } %13, 1
  br label %cond_exit_4

cond_exit_4:                                      ; preds = %cond_4_case_2, %cond_4_case_1, %cond_4_case_0
  %"03.0" = phi { i32, { { i32, {}, {} } }, { { {} } }, { {} } } [ %10, %cond_4_case_0 ], [ %14, %cond_4_case_2 ], [ %12, %cond_4_case_1 ]
  %mrv = insertvalue { { i32, { { i32, {}, {} } }, { { {} } }, { {} } }, { {} } } undef, { i32, { { i32, {}, {} } }, { { {} } }, { {} } } %"03.0", 0
  %mrv32 = insertvalue { { i32, { { i32, {}, {} } }, { { {} } }, { {} } }, { {} } } %mrv, { {} } %1, 1
  ret { { i32, { { i32, {}, {} } }, { { {} } }, { {} } }, { {} } } %mrv32
}
