---
source: hugr-llvm/src/extension/collections/list.rs
expression: mod_str
---
; ModuleID = 'test_context'
source_filename = "test_context"

define private { i8*, { i1, i16 } } @_hl.main.1(i8* %0, i64 %1, i16 %2) {
alloca_block:
  br label %entry_block

entry_block:                                      ; preds = %alloca_block
  %3 = alloca i16, align 2
  store i16 %2, i16* %3, align 2
  %4 = bitcast i16* %3 to i8*
  %5 = call i1 @__rt__list__insert(i8* %0, i64 %1, i8* %4)
  %6 = insertvalue { i1, i16 } { i1 false, i16 poison }, i16 %2, 1
  %7 = select i1 %5, { i1, i16 } { i1 true, i16 poison }, { i1, i16 } %6
  %mrv = insertvalue { i8*, { i1, i16 } } undef, i8* %0, 0
  %mrv8 = insertvalue { i8*, { i1, i16 } } %mrv, { i1, i16 } %7, 1
  ret { i8*, { i1, i16 } } %mrv8
}

declare i1 @__rt__list__insert(i8*, i64, i8*)
