---
source: hugr-llvm/src/emit/test.rs
expression: mod_str
---
; ModuleID = 'test_context'
source_filename = "test_context"

define {} @_hl.main.1({} %0) {
alloca_block:
  %"0" = alloca {}, align 8
  %"01" = alloca {}, align 8
  %"2_0" = alloca {}, align 8
  %"4_0" = alloca {}, align 8
  %"5_0" = alloca {}, align 8
  br label %entry_block

entry_block:                                      ; preds = %alloca_block
  store {} %0, {}* %"0", align 1
  %"02" = load {}, {}* %"0", align 1
  store {} %"02", {}* %"2_0", align 1
  %"2_03" = load {}, {}* %"2_0", align 1
  %"2_04" = load {}, {}* %"2_0", align 1
  store {} %"2_04", {}* %"5_0", align 1
  %"5_05" = load {}, {}* %"5_0", align 1
  store {} %"5_05", {}* %"4_0", align 1
  %"4_06" = load {}, {}* %"4_0", align 1
  store {} %"4_06", {}* %"01", align 1
  %"07" = load {}, {}* %"01", align 1
  ret {} %"07"
}
