---
source: hugr-llvm/src/emit/test.rs
expression: mod_str
---
; ModuleID = 'test_context'
source_filename = "test_context"

define { { i2, i2, i1 }, {} } @_hl.main.1({ i2, i2, i1 } %0, {} %1) {
alloca_block:
  %"0" = alloca { i2, i2, i1 }, align 8
  %"1" = alloca {}, align 8
  %"01" = alloca { i2, i2, i1 }, align 8
  %"12" = alloca {}, align 8
  %"2_0" = alloca { i2, i2, i1 }, align 8
  %"2_1" = alloca {}, align 8
  %"4_0" = alloca { i2, i2, i1 }, align 8
  %"4_1" = alloca {}, align 8
  %"09" = alloca { i2, i2, i1 }, align 8
  %"110" = alloca {}, align 8
  %"013" = alloca {}, align 8
  %"114" = alloca {}, align 8
  %"6_0" = alloca {}, align 8
  %"6_1" = alloca {}, align 8
  %"8_0" = alloca { i2, i2, i1 }, align 8
  %"021" = alloca i1, align 1
  %"122" = alloca {}, align 8
  %"10_0" = alloca i1, align 1
  %"10_1" = alloca {}, align 8
  %"12_0" = alloca { i2, i2, i1 }, align 8
  %"029" = alloca i2, align 1
  %"130" = alloca {}, align 8
  %"14_0" = alloca i2, align 1
  %"14_1" = alloca {}, align 8
  %"16_0" = alloca { i2, i2, i1 }, align 8
  br label %entry_block

entry_block:                                      ; preds = %alloca_block
  store { i2, i2, i1 } %0, { i2, i2, i1 }* %"0", align 1
  store {} %1, {}* %"1", align 1
  %"03" = load { i2, i2, i1 }, { i2, i2, i1 }* %"0", align 1
  %"14" = load {}, {}* %"1", align 1
  store { i2, i2, i1 } %"03", { i2, i2, i1 }* %"2_0", align 1
  store {} %"14", {}* %"2_1", align 1
  %"2_05" = load { i2, i2, i1 }, { i2, i2, i1 }* %"2_0", align 1
  %"2_16" = load {}, {}* %"2_1", align 1
  %"2_07" = load { i2, i2, i1 }, { i2, i2, i1 }* %"2_0", align 1
  %"2_18" = load {}, {}* %"2_1", align 1
  %2 = extractvalue { i2, i2, i1 } %"2_07", 0
  switch i2 %2, label %3 [
    i2 1, label %4
    i2 -2, label %6
  ]

3:                                                ; preds = %entry_block
  store {} undef, {}* %"013", align 1
  store {} %"2_18", {}* %"114", align 1
  br label %cond_4_case_0

4:                                                ; preds = %entry_block
  %5 = extractvalue { i2, i2, i1 } %"2_07", 2
  store i1 %5, i1* %"021", align 1
  store {} %"2_18", {}* %"122", align 1
  br label %cond_4_case_1

6:                                                ; preds = %entry_block
  %7 = extractvalue { i2, i2, i1 } %"2_07", 1
  store i2 %7, i2* %"029", align 1
  store {} %"2_18", {}* %"130", align 1
  br label %cond_4_case_2

cond_4_case_0:                                    ; preds = %3
  %"015" = load {}, {}* %"013", align 1
  %"116" = load {}, {}* %"114", align 1
  store {} %"015", {}* %"6_0", align 1
  store {} %"116", {}* %"6_1", align 1
  %"6_017" = load {}, {}* %"6_0", align 1
  %"6_018" = load {}, {}* %"6_0", align 1
  store { i2, i2, i1 } { i2 -2, i2 poison, i1 poison }, { i2, i2, i1 }* %"8_0", align 1
  %"8_019" = load { i2, i2, i1 }, { i2, i2, i1 }* %"8_0", align 1
  %"6_120" = load {}, {}* %"6_1", align 1
  store { i2, i2, i1 } %"8_019", { i2, i2, i1 }* %"09", align 1
  store {} %"6_120", {}* %"110", align 1
  br label %cond_exit_4

cond_4_case_1:                                    ; preds = %4
  %"023" = load i1, i1* %"021", align 1
  %"124" = load {}, {}* %"122", align 1
  store i1 %"023", i1* %"10_0", align 1
  store {} %"124", {}* %"10_1", align 1
  %"10_025" = load i1, i1* %"10_0", align 1
  %"10_026" = load i1, i1* %"10_0", align 1
  %8 = insertvalue { i2, i2, i1 } { i2 1, i2 poison, i1 poison }, i1 %"10_026", 2
  store { i2, i2, i1 } %8, { i2, i2, i1 }* %"12_0", align 1
  %"12_027" = load { i2, i2, i1 }, { i2, i2, i1 }* %"12_0", align 1
  %"10_128" = load {}, {}* %"10_1", align 1
  store { i2, i2, i1 } %"12_027", { i2, i2, i1 }* %"09", align 1
  store {} %"10_128", {}* %"110", align 1
  br label %cond_exit_4

cond_4_case_2:                                    ; preds = %6
  %"031" = load i2, i2* %"029", align 1
  %"132" = load {}, {}* %"130", align 1
  store i2 %"031", i2* %"14_0", align 1
  store {} %"132", {}* %"14_1", align 1
  %"14_033" = load i2, i2* %"14_0", align 1
  %"14_034" = load i2, i2* %"14_0", align 1
  %9 = insertvalue { i2, i2, i1 } { i2 0, i2 poison, i1 poison }, i2 %"14_034", 1
  store { i2, i2, i1 } %9, { i2, i2, i1 }* %"16_0", align 1
  %"16_035" = load { i2, i2, i1 }, { i2, i2, i1 }* %"16_0", align 1
  %"14_136" = load {}, {}* %"14_1", align 1
  store { i2, i2, i1 } %"16_035", { i2, i2, i1 }* %"09", align 1
  store {} %"14_136", {}* %"110", align 1
  br label %cond_exit_4

cond_exit_4:                                      ; preds = %cond_4_case_2, %cond_4_case_1, %cond_4_case_0
  %"011" = load { i2, i2, i1 }, { i2, i2, i1 }* %"09", align 1
  %"112" = load {}, {}* %"110", align 1
  store { i2, i2, i1 } %"011", { i2, i2, i1 }* %"4_0", align 1
  store {} %"112", {}* %"4_1", align 1
  %"4_037" = load { i2, i2, i1 }, { i2, i2, i1 }* %"4_0", align 1
  %"4_138" = load {}, {}* %"4_1", align 1
  store { i2, i2, i1 } %"4_037", { i2, i2, i1 }* %"01", align 1
  store {} %"4_138", {}* %"12", align 1
  %"039" = load { i2, i2, i1 }, { i2, i2, i1 }* %"01", align 1
  %"140" = load {}, {}* %"12", align 1
  %mrv = insertvalue { { i2, i2, i1 }, {} } undef, { i2, i2, i1 } %"039", 0
  %mrv41 = insertvalue { { i2, i2, i1 }, {} } %mrv, {} %"140", 1
  ret { { i2, i2, i1 }, {} } %mrv41
}
