---
source: hugr-llvm/src/emit/test.rs
expression: mod_str
---
; ModuleID = 'test_context'
source_filename = "test_context"

define private void @_hl.f1.1() {
alloca_block:
  br label %entry_block

entry_block:                                      ; preds = %alloca_block
  ret void
}

define private void @_hl.f2.4() {
alloca_block:
  br label %entry_block

entry_block:                                      ; preds = %alloca_block
  ret void
}
