---
source: hugr-llvm/src/emit/test.rs
expression: mod_str
---
; ModuleID = 'test_context'
source_filename = "test_context"

define { {} } @_hl.main.1(i64 %0) {
alloca_block:
  %"0" = alloca { {} }, align 8
  %"2_0" = alloca i64, align 8
  %"4_0" = alloca { {} }, align 8
  %"5_0" = alloca i64, align 8
  %"7_0" = alloca { i32, { i64 }, { { {} } } }, align 8
  br label %entry_block

entry_block:                                      ; preds = %alloca_block
  store i64 %0, i64* %"2_0", align 4
  %"2_01" = load i64, i64* %"2_0", align 4
  store i64 %"2_01", i64* %"5_0", align 4
  br label %loop_body

loop_body:                                        ; preds = %4, %entry_block
  %"5_02" = load i64, i64* %"5_0", align 4
  store i64 %"5_02", i64* %"5_0", align 4
  %"5_03" = load i64, i64* %"5_0", align 4
  %1 = insertvalue { i64 } undef, i64 %"5_03", 0
  %2 = insertvalue { i32, { i64 }, { { {} } } } { i32 0, { i64 } poison, { { {} } } poison }, { i64 } %1, 1
  store { i32, { i64 }, { { {} } } } %2, { i32, { i64 }, { { {} } } }* %"7_0", align 4
  %"7_04" = load { i32, { i64 }, { { {} } } }, { i32, { i64 }, { { {} } } }* %"7_0", align 4
  store { i32, { i64 }, { { {} } } } %"7_04", { i32, { i64 }, { { {} } } }* %"7_0", align 4
  %"7_05" = load { i32, { i64 }, { { {} } } }, { i32, { i64 }, { { {} } } }* %"7_0", align 4
  %3 = extractvalue { i32, { i64 }, { { {} } } } %"7_05", 0
  switch i32 %3, label %4 [
    i32 1, label %7
  ]

4:                                                ; preds = %loop_body
  %5 = extractvalue { i32, { i64 }, { { {} } } } %"7_05", 1
  %6 = extractvalue { i64 } %5, 0
  store i64 %6, i64* %"5_0", align 4
  br label %loop_body

7:                                                ; preds = %loop_body
  %8 = extractvalue { i32, { i64 }, { { {} } } } %"7_05", 2
  %9 = extractvalue { { {} } } %8, 0
  store { {} } %9, { {} }* %"4_0", align 1
  br label %loop_out

loop_out:                                         ; preds = %7
  %"4_06" = load { {} }, { {} }* %"4_0", align 1
  store { {} } %"4_06", { {} }* %"0", align 1
  %"07" = load { {} }, { {} }* %"0", align 1
  ret { {} } %"07"
}
