---
source: hugr-passes/tests/static_circuit.rs
input_file: hugr-passes/tests/static_circuit/guppy_examples/3.py
---
# This currently doesn't work, for reasons I don't yet understand.  I expect to
# be able to infer coherent histories here
@guppy
def main(random: bool) -> None:
    q1,q2 = qubit(),qubit()

    cx(q1,q2)

    if random:
        rx(q1, angle(1.0))
    else:
        rx(q1, angle(0.5))

    discard(q1)
    discard(q2)
===========================
No static circuit
