---
source: hugr-passes/tests/static_circuit.rs
input_file: hugr-passes/tests/static_circuit/guppy_examples/3.py
---
# This currently doesn't work, for reasons I don't yet understand.  I expect to
# be able to infer coherent histories here
@guppy
def main(random: bool) -> None:
    q1,q2 = qubit(),qubit()

    cx(q1,q2)

    if random:
        rx(q1, angle(1.0))
    else:
        rx(q1, angle(0.5))

    discard(q1)
    discard(q2)
===========================
tket2.quantum.Reset [Node(67)] (Node(68))
tket2.quantum.Reset [Node(79)] (Node(80))
tket2.quantum.CX [Node(67),Node(79)] (Node(16))
tket2.quantum.Rx [Node(67)] (Node(26),Node(37))
