---
source: hugr-passes/tests/static_circuit.rs
input_file: hugr-passes/tests/static_circuit/guppy_examples/2.py
---
# The conditional dependent on unknown input obstructs a static circuit here.
# The qubit histories of q1 and q2 at the cx are both ambiguous. Ambiguity in
# either is enough to obstruct the extraction of a static circuit.
@guppy
def main(random: bool) -> None:
    q1,q2 = qubit(),qubit()

    if random:
        q1,q2 = q2,q1

    cx(q1,q2)

    discard(q1)
    discard(q2)
===========================
No static circuit
